// Jest Snapshot v1, https://goo.gl/fbAQLP

exports[`TimerType initial render 1`] = `
"<div class=\\"timer-type\\"><input type=\\"text\\" class=\\"timer-type__input\\" value=\\"hours, minutes, seconds\\"/><br/><textarea class=\\"timer-type__text\\" cols=\\"30\\" rows=\\"10\\">hours
minutes
seconds</textarea><br/><select multiple=\\"\\" class=\\"timer-type__select\\"><option value=\\"hours\\" selected=\\"\\">hours</option><option value=\\"minutes\\" selected=\\"\\">minutes</option><option value=\\"seconds\\" selected=\\"\\">seconds</option></select></div>"
`;
